calc.by
dmca.com
futurecdn.net
jsdelivr.net
minecraftforum.net
mos.ru
peer.run
supportchat.live
tailwindcss.com
vk.com
vk.ru
adfox.ru
rostaxi.org
turbopages.org
webvisor.com
ya.ru
yandex-images.clstorage.net
yandex-team.ru
yandex.aero
yandex.az
yandex.by
yandex.cloud
yandex.co.il
yandex.com
yandex.com.am
yandex.com.ge
yandex.com.ru
#yandex.com.tr
yandex.de
yandex.ee
yandex.eu
yandex.fi
yandex.fr
yandex.jobs
#yandex.kz
yandex.lt
yandex.lv
yandex.md
yandex.net
yandex.org
yandex.pl
yandex.ru
yandex.st
yandex.tj
yandex.tm
#yandex.tr
yandex.uz
yandexadexchange.net
yastat.net
yastatic.net
skcrtxr.com
kinopoisk.ru
kinopoisk-ru.clstorage.net
meteum.ai
shedevrum.ai
sourcecraft.dev
